src/i18n_translator.py:1: error: Library stubs not installed for "yaml"  [import-untyped]
src/i18n_translator.py:1: note: Hint: "python3 -m pip install types-PyYAML"
src/i18n_translator.py:142: error: Returning Any from function declared to return "str"  [no-any-return]
src/i18n_translator.py:159: error: Returning Any from function declared to return "str"  [no-any-return]
src/bxh_music_bot/health_server.py:12: error: Library stubs not installed for "requests"  [import-untyped]
src/bxh_music_bot/health_server.py:51: error: Statement is unreachable  [unreachable]
src/bxh_music_bot/health_server.py:74: error: Statement is unreachable  [unreachable]
src/bxh_music_bot/logging_handler.py:8: error: Library stubs not installed for "psutil"  [import-untyped]
src/bxh_music_bot/logging_handler.py:100: error: Returning Any from function declared to return "float"  [no-any-return]
src/bxh_music_bot/logging_handler.py:407: error: Need type annotation for "log_queue"  [var-annotated]
src/bxh_music_bot/logging_handler.py:414: error: Access to generic instance variables via class is ambiguous  [misc]
src/bxh_music_bot/core.py:26: error: Library stubs not installed for "requests"  [import-untyped]
src/bxh_music_bot/core.py:26: note: Hint: "python3 -m pip install types-requests"
src/bxh_music_bot/core.py:33: error: Skipping analyzing "syncedlyrics": module is installed, but missing library stubs or py.typed marker  [import-untyped]
src/bxh_music_bot/core.py:35: error: Library stubs not installed for "psutil"  [import-untyped]
src/bxh_music_bot/core.py:205: error: Incompatible types in assignment (expression has type "None", variable has type "SpotifyClient")  [assignment]
src/bxh_music_bot/core.py:210: error: Need type annotation for "url_cache"  [var-annotated]
src/bxh_music_bot/core.py:301: error: Need type annotation for "queue"  [var-annotated]
src/bxh_music_bot/core.py:513: error: "Queue[Any]" has no attribute "_queue"  [attr-defined]
src/bxh_music_bot/services/voice.py:161: error: Argument 2 to "FFmpegPCMAudio" has incompatible type "**dict[str, str]"; expected "bool"  [arg-type]
src/bxh_music_bot/services/voice.py:161: error: Argument 2 to "FFmpegPCMAudio" has incompatible type "**dict[str, str]"; expected "IO[bytes] | None"  [arg-type]
src/bxh_music_bot/services/voice.py:193: error: Item "None" of "Guild | None" has no attribute "id"  [union-attr]
src/bxh_music_bot/services/voice.py:292: error: Incompatible types in assignment (expression has type "VoiceChannel | StageChannel | ForumChannel | TextChannel | CategoryChannel | PrivateChannel | Thread", variable has type "VoiceChannel | StageChannel | ForumChannel | TextChannel | CategoryChannel | None")  [assignment]
src/bxh_music_bot/services/voice.py:295: error: Item "None" of "VoiceChannel | StageChannel | ForumChannel | TextChannel | CategoryChannel | None" has no attribute "name"  [union-attr]
src/bxh_music_bot/services/voice.py:295: error: Item "None" of "VoiceChannel | StageChannel | ForumChannel | TextChannel | CategoryChannel | None" has no attribute "type"  [union-attr]
src/bxh_music_bot/services/voice.py:295: error: Item "None" of "VoiceChannel | StageChannel | ForumChannel | TextChannel | CategoryChannel | None" has no attribute "members"  [union-attr]
src/bxh_music_bot/services/voice.py:300: error: Item "None" of "VoiceChannel | StageChannel | ForumChannel | TextChannel | CategoryChannel | None" has no attribute "members"  [union-attr]
src/bxh_music_bot/services/voice.py:304: error: Item "None" of "VoiceChannel | StageChannel | ForumChannel | TextChannel | CategoryChannel | None" has no attribute "name"  [union-attr]
src/bxh_music_bot/services/voice.py:335: error: Item "None" of "Guild | None" has no attribute "voice_client"  [union-attr]
src/bxh_music_bot/services/voice.py:339: error: Item "VoiceProtocol" of "VoiceProtocol | Any" has no attribute "is_connected"  [union-attr]
src/bxh_music_bot/services/voice.py:414: error: Item "None" of "Any | None" has no attribute "disconnect"  [union-attr]
src/bxh_music_bot/services/voice.py:453: error: Item "VoiceProtocol" of "VoiceProtocol | Any" has no attribute "move_to"  [union-attr]
src/bxh_music_bot/services/voice.py:457: error: Item "None" of "Guild | None" has no attribute "me"  [union-attr]
src/bxh_music_bot/services/voice.py:460: error: Item "None" of "Guild | None" has no attribute "me"  [union-attr]
src/bxh_music_bot/services/voice.py:471: error: Item "None" of "VoiceChannel | StageChannel | TextChannel | ForumChannel | CategoryChannel | Thread | DMChannel | GroupChannel | None" has no attribute "id"  [union-attr]
src/bxh_music_bot/services/voice.py:476: error: Item "DMChannel" of "VoiceChannel | StageChannel | TextChannel | ForumChannel | CategoryChannel | Thread | DMChannel | GroupChannel | None" has no attribute "name"  [union-attr]
src/bxh_music_bot/services/voice.py:476: error: Item "None" of "VoiceChannel | StageChannel | TextChannel | ForumChannel | CategoryChannel | Thread | DMChannel | GroupChannel | None" has no attribute "name"  [union-attr]
src/bxh_music_bot/services/voice.py:482: error: Incompatible return value type (got "Any | VoiceProtocol", expected "VoiceClient | None")  [return-value]
src/bxh_music_bot/services/voice.py:548: error: Item "None" of "AudioSource | None" has no attribute "original"  [union-attr]
src/bxh_music_bot/models/lazy_search.py:46: error: Statement is unreachable  [unreachable]
src/bxh_music_bot/models/lazy_search.py:97: error: Incompatible types in assignment (expression has type "dict[str, object]", variable has type "None")  [assignment]
src/bxh_music_bot/helpers/common.py:8: error: Item "None" of "Guild | None" has no attribute "id"  [union-attr]
src/bxh_music_bot/helpers/common.py:26: error: Incompatible default for parameter "guild_id" (default has type "None", parameter has type "int")  [assignment]
src/bxh_music_bot/helpers/common.py:26: note: PEP 484 prohibits implicit Optional. Accordingly, mypy has changed its default to no_implicit_optional=True
src/bxh_music_bot/helpers/common.py:26: note: Use https://github.com/hauntsaninja/no_implicit_optional to automatically upgrade your codebase
src/bxh_music_bot/helpers/common.py:34: error: Right operand of "and" is never evaluated  [unreachable]
src/bxh_music_bot/helpers/common.py:35: error: Statement is unreachable  [unreachable]
src/bxh_music_bot/helpers/common.py:99: error: Statement is unreachable  [unreachable]
src/bxh_music_bot/helpers/common.py:128: error: List comprehension has incompatible type List[int]; expected List[str]  [misc]
src/bxh_music_bot/helpers/common.py:132: error: Incompatible types in assignment (expression has type "str", variable has type "int")  [assignment]
src/bxh_music_bot/helpers/common.py:134: error: Incompatible types in assignment (expression has type "str", variable has type "int")  [assignment]
src/bxh_music_bot/helpers/common.py:136: error: Incompatible types in assignment (expression has type "str", variable has type "int")  [assignment]
src/bxh_music_bot/helpers/common.py:161: error: Item "None" of "AudioSource | None" has no attribute "original"  [union-attr]
src/bxh_music_bot/ui/controller.py:13: error: Need type annotation for "query_input"  [var-annotated]
src/bxh_music_bot/ui/controller.py:27: error: Item "Group" of "Command[Any, [VarArg(Any), KwArg(Any)], Any] | Group" has no attribute "callback"  [union-attr]
src/bxh_music_bot/ui/controller.py:27: error: Too few arguments  [call-arg]
src/bxh_music_bot/ui/controller.py:31: error: Argument 2 to "get_messages" has incompatible type "int | None"; expected "int"  [arg-type]
src/bxh_music_bot/ui/controller.py:62: error: Argument 1 to "get_guild_state" has incompatible type "int | None"; expected "int"  [arg-type]
src/bxh_music_bot/ui/controller.py:72: error: "Queue[Any]" has no attribute "_queue"  [attr-defined]
src/bxh_music_bot/ui/controller.py:84: error: Need type annotation for "new_queue"  [var-annotated]
src/bxh_music_bot/ui/controller.py:145: error: Argument "guild_id" to "JumpToSelect" has incompatible type "int | None"; expected "int"  [arg-type]
src/bxh_music_bot/ui/controller.py:150: error: Need type annotation for "prev_button"  [var-annotated]
src/bxh_music_bot/ui/controller.py:151: error: Argument 2 to "get_messages" has incompatible type "int | None"; expected "int"  [arg-type]
src/bxh_music_bot/ui/controller.py:155: error: Need type annotation for "next_button"  [var-annotated]
src/bxh_music_bot/ui/controller.py:156: error: Argument 2 to "get_messages" has incompatible type "int | None"; expected "int"  [arg-type]
src/bxh_music_bot/ui/controller.py:161: error: Cannot assign to a method  [method-assign]
src/bxh_music_bot/ui/controller.py:162: error: Cannot assign to a method  [method-assign]
src/bxh_music_bot/ui/controller.py:227: error: "Item[MusicControllerView]" has no attribute "label"  [attr-defined]
src/bxh_music_bot/ui/controller.py:233: error: "Item[MusicControllerView]" has no attribute "label"  [attr-defined]
src/bxh_music_bot/ui/controller.py:235: error: "Item[MusicControllerView]" has no attribute "label"  [attr-defined]
src/bxh_music_bot/ui/controller.py:237: error: "Item[MusicControllerView]" has no attribute "label"  [attr-defined]
src/bxh_music_bot/ui/controller.py:241: error: "Item[MusicControllerView]" has no attribute "label"  [attr-defined]
src/bxh_music_bot/ui/controller.py:244: error: "Item[MusicControllerView]" has no attribute "emoji"  [attr-defined]
src/bxh_music_bot/ui/controller.py:247: error: "Item[MusicControllerView]" has no attribute "emoji"  [attr-defined]
src/bxh_music_bot/ui/controller.py:253: error: "Item[MusicControllerView]" has no attribute "emoji"  [attr-defined]
src/bxh_music_bot/ui/controller.py:257: error: "Item[MusicControllerView]" has no attribute "style"  [attr-defined]
src/bxh_music_bot/ui/controller.py:263: error: "Item[MusicControllerView]" has no attribute "style"  [attr-defined]
src/bxh_music_bot/ui/controller.py:273: error: "Item[MusicControllerView]" has no attribute "style"  [attr-defined]
src/bxh_music_bot/ui/controller.py:284: error: "Item[MusicControllerView]" has no attribute "disabled"  [attr-defined]
src/bxh_music_bot/ui/controller.py:288: error: "Item[MusicControllerView]" has no attribute "disabled"  [attr-defined]
src/bxh_music_bot/ui/controller.py:293: error: "Item[MusicControllerView]" has no attribute "disabled"  [attr-defined]
src/bxh_music_bot/ui/controller.py:299: error: Argument 1 to "get_player" has incompatible type "int | None"; expected "int"  [arg-type]
src/bxh_music_bot/ui/controller.py:301: error: Item "None" of "Guild | None" has no attribute "voice_client"  [union-attr]
src/bxh_music_bot/ui/controller.py:302: error: Item "VoiceProtocol" of "VoiceProtocol | Any" has no attribute "is_playing"  [union-attr]
src/bxh_music_bot/ui/controller.py:302: error: Item "VoiceProtocol" of "VoiceProtocol | Any" has no attribute "is_paused"  [union-attr]
src/bxh_music_bot/ui/controller.py:306: error: Argument 1 to "safe_stop" has incompatible type "VoiceProtocol | Any"; expected "VoiceClient"  [arg-type]
src/bxh_music_bot/ui/controller.py:309: error: Item "VoiceProtocol" of "VoiceProtocol | Any" has no attribute "is_playing"  [union-attr]
src/bxh_music_bot/ui/controller.py:314: error: Item "VoiceProtocol" of "VoiceProtocol | Any" has no attribute "is_paused"  [union-attr]
src/bxh_music_bot/ui/controller.py:318: error: Argument 1 to "safe_stop" has incompatible type "VoiceProtocol | Any"; expected "VoiceClient"  [arg-type]
src/bxh_music_bot/ui/controller.py:331: error: "Queue[Any]" has no attribute "_queue"  [attr-defined]
src/bxh_music_bot/ui/controller.py:353: error: "Queue[Any]" has no attribute "_queue"  [attr-defined]
src/bxh_music_bot/ui/controller.py:380: error: Need type annotation for "new_queue"  [var-annotated]
src/bxh_music_bot/ui/controller.py:397: error: Argument 1 to "safe_stop" has incompatible type "VoiceProtocol | Any"; expected "VoiceClient"  [arg-type]
src/bxh_music_bot/ui/controller.py:402: error: Argument 1 to "get_player" has incompatible type "int | None"; expected "int"  [arg-type]
src/bxh_music_bot/ui/controller.py:422: error: Argument 1 to "get_player" has incompatible type "int | None"; expected "int"  [arg-type]
src/bxh_music_bot/ui/controller.py:442: error: Argument 1 to "get_guild_state" has incompatible type "int | None"; expected "int"  [arg-type]
src/bxh_music_bot/ui/controller.py:464: error: Argument 1 to "clear_audio_cache" has incompatible type "int | None"; expected "int"  [arg-type]
src/bxh_music_bot/ui/controller.py:465: error: Argument 1 to "get_guild_state" has incompatible type "int | None"; expected "int"  [arg-type]
src/bxh_music_bot/ui/controller.py:478: error: Argument 2 to "AddSongModal" has incompatible type "int | None"; expected "int"  [arg-type]
src/bxh_music_bot/ui/controller.py:485: error: Argument 1 to "get_player" has incompatible type "int | None"; expected "int"  [arg-type]
src/bxh_music_bot/ui/controller.py:493: error: "Queue[Any]" has no attribute "_queue"  [attr-defined]
src/bxh_music_bot/ui/controller.py:495: error: Need type annotation for "new_queue"  [var-annotated]
src/bxh_music_bot/ui/controller.py:504: error: Argument 1 to "get_player" has incompatible type "int | None"; expected "int"  [arg-type]
src/bxh_music_bot/ui/controller.py:513: error: Argument 1 to "get_player" has incompatible type "int | None"; expected "int"  [arg-type]
src/bxh_music_bot/ui/controller.py:525: error: Argument 1 to "get_player" has incompatible type "int | None"; expected "int"  [arg-type]
src/bxh_music_bot/ui/controller.py:526: error: Item "None" of "Guild | None" has no attribute "voice_client"  [union-attr]
src/bxh_music_bot/ui/controller.py:530: error: Item "VoiceProtocol" of "VoiceProtocol | Any" has no attribute "source"  [union-attr]
src/bxh_music_bot/ui/controller.py:531: error: Item "VoiceProtocol" of "VoiceProtocol | Any" has no attribute "source"  [union-attr]
src/bxh_music_bot/ui/controller.py:540: error: Argument 1 to "get_player" has incompatible type "int | None"; expected "int"  [arg-type]
src/bxh_music_bot/ui/controller.py:541: error: Item "None" of "Guild | None" has no attribute "voice_client"  [union-attr]
src/bxh_music_bot/ui/controller.py:545: error: Item "VoiceProtocol" of "VoiceProtocol | Any" has no attribute "source"  [union-attr]
src/bxh_music_bot/ui/controller.py:546: error: Item "VoiceProtocol" of "VoiceProtocol | Any" has no attribute "source"  [union-attr]
src/bxh_music_bot/ui/controller.py:562: error: Argument 2 to "get_messages" has incompatible type "int | None"; expected "int"  [arg-type]
src/bxh_music_bot/ui/controller.py:564: error: Argument 2 to "get_messages" has incompatible type "int | None"; expected "int"  [arg-type]
src/bxh_music_bot/ui/controller.py:582: error: Argument 2 to "get_messages" has incompatible type "int | None"; expected "int"  [arg-type]
src/bxh_music_bot/ui/controller.py:584: error: Argument 2 to "get_messages" has incompatible type "int | None"; expected "int"  [arg-type]
src/bxh_music_bot/ui/controller.py:600: error: Argument 2 to "get_messages" has incompatible type "int | None"; expected "int"  [arg-type]
src/bxh_music_bot/ui/controller.py:613: error: Argument 1 to "get_player" has incompatible type "int | None"; expected "int"  [arg-type]
src/bxh_music_bot/ui/controller.py:616: error: Argument 2 to "get_messages" has incompatible type "int | None"; expected "int"  [arg-type]
src/bxh_music_bot/ui/controller.py:629: error: Argument 2 to "get_messages" has incompatible type "int | None"; expected "int"  [arg-type]
src/bxh_music_bot/ui/controller.py:694: error: Item "None" of "Any | None" has no attribute "get"  [union-attr]
src/bxh_music_bot/ui/controller.py:695: error: Item "None" of "Any | None" has no attribute "get"  [union-attr]
src/bxh_music_bot/ui/controller.py:696: error: Item "None" of "Any | None" has no attribute "get"  [union-attr]
src/bxh_music_bot/ui/controller.py:697: error: Item "None" of "Any | None" has no attribute "get"  [union-attr]
src/bxh_music_bot/ui/controller.py:717: error: "Queue[Any]" has no attribute "_queue"  [attr-defined]
src/bxh_music_bot/ui/controller.py:719: error: "Queue[Any]" has no attribute "_queue"  [attr-defined]
src/bxh_music_bot/ui/controller.py:755: error: Argument 1 to "format_duration" has incompatible type "Any | None"; expected "int"  [arg-type]
src/bxh_music_bot/ui/controller.py:774: error: Argument 1 to "format_duration" has incompatible type "Any | None"; expected "int"  [arg-type]
src/bxh_music_bot/ui/controller.py:823: error: Item "None" of "Any | None" has no attribute "get"  [union-attr]
src/bxh_music_bot/ui/controller.py:824: error: Item "None" of "Any | None" has no attribute "get"  [union-attr]
src/bxh_music_bot/ui/controller.py:833: error: Item "None" of "Any | None" has no attribute "channel"  [union-attr]
src/bxh_music_bot/services/playback.py:12: error: Incompatible default for parameter "query_url" (default has type "None", parameter has type "str")  [assignment]
src/bxh_music_bot/services/playback.py:12: note: PEP 484 prohibits implicit Optional. Accordingly, mypy has changed its default to no_implicit_optional=True
src/bxh_music_bot/services/playback.py:12: note: Use https://github.com/hauntsaninja/no_implicit_optional to automatically upgrade your codebase
src/bxh_music_bot/services/playback.py:560: error: Argument 2 to "FFmpegPCMAudio" has incompatible type "**dict[str, str]"; expected "bool"  [arg-type]
src/bxh_music_bot/services/playback.py:560: error: Argument 2 to "FFmpegPCMAudio" has incompatible type "**dict[str, str]"; expected "IO[bytes] | None"  [arg-type]
src/bxh_music_bot/services/playback.py:588: error: Item "CategoryChannel" of "VoiceChannel | StageChannel | ForumChannel | TextChannel | CategoryChannel | Thread | PrivateChannel" has no attribute "last_message_id"  [union-attr]
src/bxh_music_bot/services/playback.py:588: error: Item "PrivateChannel" of "VoiceChannel | StageChannel | ForumChannel | TextChannel | CategoryChannel | Thread | PrivateChannel" has no attribute "last_message_id"  [union-attr]
src/bxh_music_bot/services/playback.py:592: error: Item "ForumChannel" of "VoiceChannel | StageChannel | ForumChannel | TextChannel | CategoryChannel | Thread | PrivateChannel" has no attribute "fetch_message"  [union-attr]
src/bxh_music_bot/services/playback.py:592: error: Item "CategoryChannel" of "VoiceChannel | StageChannel | ForumChannel | TextChannel | CategoryChannel | Thread | PrivateChannel" has no attribute "fetch_message"  [union-attr]
src/bxh_music_bot/services/playback.py:592: error: Item "PrivateChannel" of "VoiceChannel | StageChannel | ForumChannel | TextChannel | CategoryChannel | Thread | PrivateChannel" has no attribute "fetch_message"  [union-attr]
src/bxh_music_bot/services/playback.py:628: error: Unsupported operand types for - ("float" and "None")  [operator]
src/bxh_music_bot/services/playback.py:628: note: Right operand is of type "Any | None"
src/bxh_music_bot/services/playback.py:634: error: Argument 1 to "enumerate" has incompatible type "Any | None"; expected "Iterable[Any]"  [arg-type]
src/bxh_music_bot/events.py:45: error: Item "None" of "ClientUser | None" has no attribute "id"  [union-attr]
src/bxh_music_bot/events.py:129: error: Item "None" of "Any | None" has no attribute "cancel"  [union-attr]
src/bxh_music_bot/events.py:175: error: Item "User" of "User | Member" has no attribute "guild_permissions"  [union-attr]
src/bxh_music_bot/events.py:188: error: Item "None" of "ClientUser | None" has no attribute "name"  [union-attr]
src/bxh_music_bot/events.py:238: error: Item "None" of "ClientUser | None" has no attribute "name"  [union-attr]
src/bxh_music_bot/events.py:251: error: Cannot assign to a method  [method-assign]
src/bxh_music_bot/ui/interactions.py:16: error: Need type annotation for "timestamp_input"  [var-annotated]
src/bxh_music_bot/ui/interactions.py:35: error: Argument 1 to "safe_stop" has incompatible type "Any | None"; expected "VoiceClient"  [arg-type]
src/bxh_music_bot/ui/interactions.py:48: error: Item "None" of "Guild | None" has no attribute "id"  [union-attr]
src/bxh_music_bot/ui/interactions.py:87: error: Item "None" of "Any | None" has no attribute "is_playing"  [union-attr]
src/bxh_music_bot/ui/interactions.py:93: error: Returning Any from function declared to return "int"  [no-any-return]
src/bxh_music_bot/ui/interactions.py:100: error: Incompatible default for parameter "interaction" (default has type "None", parameter has type "Interaction[Client]")  [assignment]
src/bxh_music_bot/ui/interactions.py:100: note: PEP 484 prohibits implicit Optional. Accordingly, mypy has changed its default to no_implicit_optional=True
src/bxh_music_bot/ui/interactions.py:100: note: Use https://github.com/hauntsaninja/no_implicit_optional to automatically upgrade your codebase
src/bxh_music_bot/ui/interactions.py:140: error: Argument 1 to "safe_stop" has incompatible type "Any | None"; expected "VoiceClient"  [arg-type]
src/bxh_music_bot/ui/interactions.py:155: error: Argument 1 to "safe_stop" has incompatible type "Any | None"; expected "VoiceClient"  [arg-type]
src/bxh_music_bot/ui/interactions.py:163: error: "Item[SeekView]" has no attribute "disabled"  [attr-defined]
src/bxh_music_bot/ui/interactions.py:206: error: Argument 1 to "get_guild_state" has incompatible type "int | None"; expected "int"  [arg-type]
src/bxh_music_bot/ui/interactions.py:208: error: Argument 1 to "get_guild_state" has incompatible type "int | None"; expected "int"  [arg-type]
src/bxh_music_bot/ui/interactions.py:214: error: Argument 2 to "get_messages" has incompatible type "int | None"; expected "int"  [arg-type]
src/bxh_music_bot/ui/interactions.py:244: error: Argument 1 to "get_guild_state" has incompatible type "int | None"; expected "int"  [arg-type]
src/bxh_music_bot/ui/interactions.py:246: error: Argument 2 to "get_messages" has incompatible type "int | None"; expected "int"  [arg-type]
src/bxh_music_bot/ui/interactions.py:259: error: Argument 2 to "get_messages" has incompatible type "int | None"; expected "int"  [arg-type]
src/bxh_music_bot/ui/interactions.py:269: error: Item "None" of "Any | None" has no attribute "is_playing"  [union-attr]
src/bxh_music_bot/ui/interactions.py:270: error: Item "None" of "Any | None" has no attribute "is_paused"  [union-attr]
src/bxh_music_bot/ui/interactions.py:278: error: Argument 2 to "get_messages" has incompatible type "int | None"; expected "int"  [arg-type]
src/bxh_music_bot/ui/interactions.py:342: error: Argument "message_to_edit" to "RefineLyricsModal" has incompatible type "Message | None"; expected "Message"  [arg-type]
src/bxh_music_bot/ui/interactions.py:349: error: Argument 2 to "get_messages" has incompatible type "int | None"; expected "int"  [arg-type]
src/bxh_music_bot/ui/interactions.py:354: error: Need type annotation for "corrected_query"  [var-annotated]
src/bxh_music_bot/ui/interactions.py:355: error: Argument 2 to "get_messages" has incompatible type "int | None"; expected "int"  [arg-type]
src/bxh_music_bot/ui/interactions.py:356: error: Argument 2 to "get_messages" has incompatible type "int | None"; expected "int"  [arg-type]
src/bxh_music_bot/ui/interactions.py:372: error: Argument 2 to "get_messages" has incompatible type "int | None"; expected "int"  [arg-type]
src/bxh_music_bot/ui/interactions.py:384: error: Argument 2 to "get_messages" has incompatible type "int | None"; expected "int"  [arg-type]
src/bxh_music_bot/ui/interactions.py:414: error: Argument 2 to "get_messages" has incompatible type "int | None"; expected "int"  [arg-type]
src/bxh_music_bot/ui/interactions.py:420: error: Missing positional argument "guild_id" in call to "LyricsView"  [call-arg]
src/bxh_music_bot/ui/interactions.py:423: error: "Item[LyricsView]" has no attribute "disabled"  [attr-defined]
src/bxh_music_bot/ui/interactions.py:425: error: "Item[LyricsView]" has no attribute "disabled"  [attr-defined]
src/bxh_music_bot/ui/interactions.py:431: error: "LyricsView" has no attribute "message"  [attr-defined]
src/bxh_music_bot/ui/interactions.py:434: error: Argument 2 to "get_messages" has incompatible type "int | None"; expected "int"  [arg-type]
src/bxh_music_bot/ui/interactions.py:442: error: Argument 2 to "get_messages" has incompatible type "int | None"; expected "int"  [arg-type]
src/bxh_music_bot/ui/interactions.py:480: error: Argument 2 to "get_messages" has incompatible type "int | None"; expected "int"  [arg-type]
src/bxh_music_bot/ui/interactions.py:485: error: Argument 1 to "get_player" has incompatible type "int | None"; expected "int"  [arg-type]
src/bxh_music_bot/ui/interactions.py:486: error: Argument 1 to "get_mode" has incompatible type "int | None"; expected "int"  [arg-type]
src/bxh_music_bot/ui/interactions.py:488: error: Need type annotation for "corrected_query"  [var-annotated]
src/bxh_music_bot/ui/interactions.py:489: error: Argument 2 to "get_messages" has incompatible type "int | None"; expected "int"  [arg-type]
src/bxh_music_bot/ui/interactions.py:490: error: Argument 2 to "get_messages" has incompatible type "int | None"; expected "int"  [arg-type]
src/bxh_music_bot/ui/interactions.py:571: error: Item "None" of "Guild | None" has no attribute "id"  [union-attr]
src/bxh_music_bot/ui/interactions.py:574: error: Item "None" of "Guild | None" has no attribute "id"  [union-attr]
src/bxh_music_bot/ui/interactions.py:577: error: Need type annotation for "corrected_query"  [var-annotated]
src/bxh_music_bot/ui/interactions.py:592: error: Argument 2 to "get_messages" has incompatible type "int | None"; expected "int"  [arg-type]
src/bxh_music_bot/ui/interactions.py:608: error: Argument 2 to "get_messages" has incompatible type "int | None"; expected "int"  [arg-type]
src/bxh_music_bot/ui/interactions.py:650: error: "Item[LyricsView]" has no attribute "disabled"  [attr-defined]
src/bxh_music_bot/ui/interactions.py:652: error: "Item[LyricsView]" has no attribute "disabled"  [attr-defined]
src/bxh_music_bot/ui/interactions.py:703: error: "Item[KaraokeRetryView]" has no attribute "disabled"  [attr-defined]
src/bxh_music_bot/ui/interactions.py:711: error: Name "fetch_and_display_genius_lyrics" is not defined  [name-defined]
src/bxh_music_bot/ui/interactions.py:722: error: Item "None" of "Guild | None" has no attribute "id"  [union-attr]
src/bxh_music_bot/ui/interactions.py:730: error: Argument 2 to "get_messages" has incompatible type "int | None"; expected "int"  [arg-type]
src/bxh_music_bot/ui/interactions.py:737: error: Argument 1 to "get_guild_state" has incompatible type "int | None"; expected "int"  [arg-type]
src/bxh_music_bot/ui/interactions.py:742: error: Argument 2 to "get_messages" has incompatible type "int | None"; expected "int"  [arg-type]
src/bxh_music_bot/ui/interactions.py:753: error: Item "None" of "Guild | None" has no attribute "id"  [union-attr]
src/bxh_music_bot/ui/interactions.py:760: error: Need type annotation for "button"  [var-annotated]
src/bxh_music_bot/ui/interactions.py:763: error: Cannot assign to a method  [method-assign]
src/bxh_music_bot/ui/interactions.py:767: error: Value of type "ChatInputApplicationCommandInteractionData | UserApplicationCommandInteractionData | MessageApplicationCommandInteractionData | ButtonMessageComponentInteractionData | SelectMessageComponentInteractionData | ModalSubmitInteractionData | None" is not indexable  [index]
src/bxh_music_bot/ui/interactions.py:767: error: TypedDict "ChatInputApplicationCommandInteractionData" has no key "custom_id"  [typeddict-item]
src/bxh_music_bot/ui/interactions.py:767: error: TypedDict "UserApplicationCommandInteractionData" has no key "custom_id"  [typeddict-item]
src/bxh_music_bot/ui/interactions.py:767: error: TypedDict "MessageApplicationCommandInteractionData" has no key "custom_id"  [typeddict-item]
src/bxh_music_bot/ui/interactions.py:779: error: Item "None" of "str | None" has no attribute "split"  [union-attr]
src/bxh_music_bot/ui/interactions.py:827: error: Argument 1 to "get_player" has incompatible type "int | None"; expected "int"  [arg-type]
src/bxh_music_bot/ui/interactions.py:828: error: Argument 1 to "get_mode" has incompatible type "int | None"; expected "int"  [arg-type]
src/bxh_music_bot/ui/interactions.py:839: error: Need type annotation for "previous_button"  [var-annotated]
src/bxh_music_bot/ui/interactions.py:840: error: Need type annotation for "next_button"  [var-annotated]
src/bxh_music_bot/ui/interactions.py:843: error: Argument 2 to "get_messages" has incompatible type "int | None"; expected "int"  [arg-type]
src/bxh_music_bot/ui/interactions.py:845: error: Argument 2 to "get_messages" has incompatible type "int | None"; expected "int"  [arg-type]
src/bxh_music_bot/ui/interactions.py:847: error: Cannot assign to a method  [method-assign]
src/bxh_music_bot/ui/interactions.py:848: error: Cannot assign to a method  [method-assign]
src/bxh_music_bot/ui/interactions.py:857: error: Statement is unreachable  [unreachable]
src/bxh_music_bot/ui/interactions.py:864: error: Argument 2 to "get_messages" has incompatible type "int | None"; expected "int"  [arg-type]
src/bxh_music_bot/ui/interactions.py:865: error: Argument 1 to "get_guild_state" has incompatible type "int | None"; expected "int"  [arg-type]
src/bxh_music_bot/ui/interactions.py:868: error: Argument 2 to "get_messages" has incompatible type "int | None"; expected "int"  [arg-type]
src/bxh_music_bot/ui/interactions.py:871: error: Argument 2 to "get_messages" has incompatible type "int | None"; expected "int"  [arg-type]
src/bxh_music_bot/ui/interactions.py:875: error: Argument 2 to "get_messages" has incompatible type "int | None"; expected "int"  [arg-type]
src/bxh_music_bot/ui/interactions.py:882: error: Argument 2 to "get_messages" has incompatible type "int | None"; expected "int"  [arg-type]
src/bxh_music_bot/ui/interactions.py:887: error: Argument 2 to "get_messages" has incompatible type "int | None"; expected "int"  [arg-type]
src/bxh_music_bot/ui/interactions.py:890: error: Argument 2 to "get_messages" has incompatible type "int | None"; expected "int"  [arg-type]
src/bxh_music_bot/ui/interactions.py:894: error: Argument 2 to "get_messages" has incompatible type "int | None"; expected "int"  [arg-type]
src/bxh_music_bot/ui/interactions.py:900: error: Argument 2 to "get_messages" has incompatible type "int | None"; expected "int"  [arg-type]
src/bxh_music_bot/ui/interactions.py:910: error: Argument 2 to "get_messages" has incompatible type "int | None"; expected "int"  [arg-type]
src/bxh_music_bot/ui/interactions.py:918: error: Argument 2 to "get_messages" has incompatible type "int | None"; expected "int"  [arg-type]
src/bxh_music_bot/ui/interactions.py:937: error: Argument 2 to "get_messages" has incompatible type "int | None"; expected "int"  [arg-type]
src/bxh_music_bot/ui/interactions.py:968: error: Argument 2 to "get_messages" has incompatible type "int | None"; expected "int"  [arg-type]
src/bxh_music_bot/ui/interactions.py:977: error: Argument 2 to "get_messages" has incompatible type "int | None"; expected "int"  [arg-type]
src/bxh_music_bot/ui/interactions.py:986: error: Argument 2 to "get_messages" has incompatible type "int | None"; expected "int"  [arg-type]
src/bxh_music_bot/ui/interactions.py:996: error: Argument 2 to "get_messages" has incompatible type "int | None"; expected "int"  [arg-type]
src/bxh_music_bot/ui/interactions.py:1004: error: Argument 2 to "get_messages" has incompatible type "int | None"; expected "int"  [arg-type]
src/bxh_music_bot/ui/interactions.py:1070: error: Argument 1 to "get_guild_state" has incompatible type "int | None"; expected "int"  [arg-type]
src/bxh_music_bot/ui/interactions.py:1072: error: Argument 1 to "get_guild_state" has incompatible type "int | None"; expected "int"  [arg-type]
src/bxh_music_bot/ui/interactions.py:1077: error: "Queue[Any]" has no attribute "_queue"  [attr-defined]
src/bxh_music_bot/ui/interactions.py:1086: error: Argument 2 to "get_messages" has incompatible type "int | None"; expected "int"  [arg-type]
src/bxh_music_bot/ui/interactions.py:1090: error: Need type annotation for "new_queue"  [var-annotated]
src/bxh_music_bot/ui/interactions.py:1097: error: Item "None" of "Any | None" has no attribute "clear_items"  [union-attr]
src/bxh_music_bot/ui/interactions.py:1099: error: Argument 2 to "get_messages" has incompatible type "int | None"; expected "int"  [arg-type]
src/bxh_music_bot/ui/interactions.py:1106: error: Argument 2 to "get_messages" has incompatible type "int | None"; expected "int"  [arg-type]
src/bxh_music_bot/ui/interactions.py:1111: error: Item "ForumChannel" of "VoiceChannel | StageChannel | TextChannel | ForumChannel | CategoryChannel | Thread | DMChannel | GroupChannel | None" has no attribute "send"  [union-attr]
src/bxh_music_bot/ui/interactions.py:1111: error: Item "CategoryChannel" of "VoiceChannel | StageChannel | TextChannel | ForumChannel | CategoryChannel | Thread | DMChannel | GroupChannel | None" has no attribute "send"  [union-attr]
src/bxh_music_bot/ui/interactions.py:1111: error: Item "None" of "VoiceChannel | StageChannel | TextChannel | ForumChannel | CategoryChannel | Thread | DMChannel | GroupChannel | None" has no attribute "send"  [union-attr]
src/bxh_music_bot/ui/interactions.py:1158: error: Argument "guild_id" to "RemoveSelect" has incompatible type "int | None"; expected "int"  [arg-type]
src/bxh_music_bot/ui/interactions.py:1163: error: Need type annotation for "prev_button"  [var-annotated]
src/bxh_music_bot/ui/interactions.py:1164: error: Argument 2 to "get_messages" has incompatible type "int | None"; expected "int"  [arg-type]
src/bxh_music_bot/ui/interactions.py:1168: error: Need type annotation for "next_button"  [var-annotated]
src/bxh_music_bot/ui/interactions.py:1169: error: Argument 2 to "get_messages" has incompatible type "int | None"; expected "int"  [arg-type]
src/bxh_music_bot/ui/interactions.py:1173: error: Cannot assign to a method  [method-assign]
src/bxh_music_bot/ui/interactions.py:1174: error: Cannot assign to a method  [method-assign]
src/bxh_music_bot/services/platforms.py:517: error: Item "None" of "Match[str] | None" has no attribute "group"  [union-attr]
src/bxh_music_bot/services/platforms.py:523: error: Need type annotation for "all_tracks" (hint: "all_tracks: list[<type>] = ...")  [var-annotated]
src/bxh_music_bot/commands/admin.py:10: error: Library stubs not installed for "psutil"  [import-untyped]
src/bxh_music_bot/commands/admin.py:10: note: Hint: "python3 -m pip install types-psutil"
src/bxh_music_bot/commands/admin.py:10: note: (or run "mypy --install-types" to install all missing stub packages)
src/bxh_music_bot/commands/admin.py:10: note: See https://mypy.readthedocs.io/en/stable/running_mypy.html#missing-imports
src/bxh_music_bot/commands/admin.py:12: error: Type argument "TextChannel" of "Transformer" must be a subtype of "Client"  [type-var]
src/bxh_music_bot/commands/admin.py:13: error: Argument 1 of "transform" is incompatible with supertype "discord.app_commands.transformers.Transformer"; supertype defines the argument type as "Interaction[TextChannel]"  [override]
src/bxh_music_bot/commands/admin.py:13: note: This violates the Liskov substitution principle
src/bxh_music_bot/commands/admin.py:13: note: See https://mypy.readthedocs.io/en/stable/common_issues.html#incompatible-overrides
src/bxh_music_bot/commands/admin.py:35: error: Module has no attribute "TransformError"; maybe "TransformerError", "Transformer", or "Transform"?  [attr-defined]
src/bxh_music_bot/commands/admin.py:37: error: Module has no attribute "AppCommandOptionType"  [attr-defined]
src/bxh_music_bot/commands/admin.py:52: error: Argument 2 to "get_messages" has incompatible type "int | None"; expected "int"  [arg-type]
src/bxh_music_bot/commands/admin.py:59: error: Argument 1 to "get_guild_state" has incompatible type "int | None"; expected "int"  [arg-type]
src/bxh_music_bot/commands/admin.py:65: error: Incompatible types in assignment (expression has type "str", variable has type "GuildModel")  [assignment]
src/bxh_music_bot/commands/admin.py:65: error: Argument 2 to "get_messages" has incompatible type "int | None"; expected "int"  [arg-type]
src/bxh_music_bot/commands/admin.py:66: error: Argument 1 to "get_guild_state" has incompatible type "int | None"; expected "int"  [arg-type]
src/bxh_music_bot/commands/admin.py:67: error: Argument 2 to "get_messages" has incompatible type "int | None"; expected "int"  [arg-type]
src/bxh_music_bot/commands/admin.py:71: error: Argument 2 to "get_messages" has incompatible type "int | None"; expected "int"  [arg-type]
src/bxh_music_bot/commands/admin.py:74: error: Argument 1 to "get_guild_state" has incompatible type "int | None"; expected "int"  [arg-type]
src/bxh_music_bot/commands/admin.py:109: error: Item "None" of "Guild | None" has no attribute "id"  [union-attr]
src/bxh_music_bot/commands/admin.py:124: error: Item "ForumChannel" of "VoiceChannel | StageChannel | ForumChannel | TextChannel | CategoryChannel | Thread | PrivateChannel" has no attribute "fetch_message"  [union-attr]
src/bxh_music_bot/commands/admin.py:124: error: Item "CategoryChannel" of "VoiceChannel | StageChannel | ForumChannel | TextChannel | CategoryChannel | Thread | PrivateChannel" has no attribute "fetch_message"  [union-attr]
src/bxh_music_bot/commands/admin.py:124: error: Item "PrivateChannel" of "VoiceChannel | StageChannel | ForumChannel | TextChannel | CategoryChannel | Thread | PrivateChannel" has no attribute "fetch_message"  [union-attr]
src/bxh_music_bot/commands/admin.py:125: error: Argument 1 to "fetch_message" of "Messageable" has incompatible type "int | None"; expected "int"  [arg-type]
src/bxh_music_bot/commands/admin.py:134: error: Item "None" of "TextChannel | VoiceChannel | StageChannel | ForumChannel | CategoryChannel | Thread | DMChannel | GroupChannel | None" has no attribute "id"  [union-attr]
src/bxh_music_bot/commands/admin.py:141: error: Item "DMChannel" of "TextChannel | VoiceChannel | StageChannel | ForumChannel | CategoryChannel | Thread | DMChannel | GroupChannel | None" has no attribute "mention"  [union-attr]
src/bxh_music_bot/commands/admin.py:141: error: Item "GroupChannel" of "TextChannel | VoiceChannel | StageChannel | ForumChannel | CategoryChannel | Thread | DMChannel | GroupChannel | None" has no attribute "mention"  [union-attr]
src/bxh_music_bot/commands/admin.py:141: error: Item "None" of "TextChannel | VoiceChannel | StageChannel | ForumChannel | CategoryChannel | Thread | DMChannel | GroupChannel | None" has no attribute "mention"  [union-attr]
src/bxh_music_bot/commands/admin.py:170: error: Item "None" of "Guild | None" has no attribute "id"  [union-attr]
src/bxh_music_bot/commands/admin.py:243: error: Argument 1 to "get_guild_state" has incompatible type "int | None"; expected "int"  [arg-type]
src/bxh_music_bot/commands/admin.py:324: error: Argument 1 to "get_guild_state" has incompatible type "int | None"; expected "int"  [arg-type]
src/bxh_music_bot/commands/admin.py:360: error: Incompatible types in assignment (expression has type "int | Colour", variable has type "Colour")  [assignment]
src/bxh_music_bot/services/lyrics.py:8: error: Incompatible default for parameter "fallback_message" (default has type "None", parameter has type "str")  [assignment]
src/bxh_music_bot/services/lyrics.py:8: note: PEP 484 prohibits implicit Optional. Accordingly, mypy has changed its default to no_implicit_optional=True
src/bxh_music_bot/services/lyrics.py:8: note: Use https://github.com/hauntsaninja/no_implicit_optional to automatically upgrade your codebase
src/bxh_music_bot/services/lyrics.py:12: error: Argument 1 to "get_guild_state" has incompatible type "int | None"; expected "int"  [arg-type]
src/bxh_music_bot/services/lyrics.py:19: error: Argument 2 to "get_messages" has incompatible type "int | None"; expected "int"  [arg-type]
src/bxh_music_bot/services/lyrics.py:25: error: Argument 1 to "get_cleaned_song_info" has incompatible type "Any | None"; expected "dict[Any, Any]"  [arg-type]
src/bxh_music_bot/services/lyrics.py:25: error: Argument 2 to "get_cleaned_song_info" has incompatible type "int | None"; expected "int"  [arg-type]
src/bxh_music_bot/services/lyrics.py:79: error: Argument 2 to "get_messages" has incompatible type "int | None"; expected "int"  [arg-type]
src/bxh_music_bot/services/lyrics.py:81: error: Argument 2 to "get_messages" has incompatible type "int | None"; expected "int"  [arg-type]
src/bxh_music_bot/services/lyrics.py:91: error: Argument "guild_id" to "LyricsRetryView" has incompatible type "int | None"; expected "int"  [arg-type]
src/bxh_music_bot/services/lyrics.py:158: error: Argument 2 to "get_messages" has incompatible type "int | None"; expected "int"  [arg-type]
src/bxh_music_bot/services/lyrics.py:165: error: Incompatible types in assignment (expression has type "LyricsView", variable has type "LyricsRetryView")  [assignment]
src/bxh_music_bot/services/lyrics.py:165: error: Argument "guild_id" to "LyricsView" has incompatible type "int | None"; expected "int"  [arg-type]
src/bxh_music_bot/services/lyrics.py:166: error: "LyricsRetryView" has no attribute "update_embed"  [attr-defined]
src/bxh_music_bot/services/lyrics.py:167: error: "Item[LyricsRetryView]" has no attribute "disabled"  [attr-defined]
src/bxh_music_bot/services/lyrics.py:169: error: "Item[LyricsRetryView]" has no attribute "disabled"  [attr-defined]
src/bxh_music_bot/services/lyrics.py:174: error: "LyricsRetryView" has no attribute "message"  [attr-defined]
src/bxh_music_bot/services/lyrics.py:183: error: Argument 2 to "get_messages" has incompatible type "int | None"; expected "int"  [arg-type]
src/bxh_music_bot/commands/music.py:19: error: Argument 2 to "get_messages" has incompatible type "int | None"; expected "int"  [arg-type]
src/bxh_music_bot/commands/music.py:50: error: Argument 2 to "get_messages" has incompatible type "int | None"; expected "int"  [arg-type]
src/bxh_music_bot/commands/music.py:57: error: Argument 1 to "get_guild_state" has incompatible type "int | None"; expected "int"  [arg-type]
src/bxh_music_bot/commands/music.py:59: error: Argument 1 to "get_guild_state" has incompatible type "int | None"; expected "int"  [arg-type]
src/bxh_music_bot/commands/music.py:68: error: Argument 2 to "get_messages" has incompatible type "int | None"; expected "int"  [arg-type]
src/bxh_music_bot/commands/music.py:75: error: Argument 2 to "get_messages" has incompatible type "int | None"; expected "int"  [arg-type]
src/bxh_music_bot/commands/music.py:85: error: Argument 1 to "get_cleaned_song_info" has incompatible type "Any | None"; expected "dict[Any, Any]"  [arg-type]
src/bxh_music_bot/commands/music.py:85: error: Argument 2 to "get_cleaned_song_info" has incompatible type "int | None"; expected "int"  [arg-type]
src/bxh_music_bot/commands/music.py:128: error: Argument 2 to "get_messages" has incompatible type "int | None"; expected "int"  [arg-type]
src/bxh_music_bot/commands/music.py:131: error: Argument 2 to "get_messages" has incompatible type "int | None"; expected "int"  [arg-type]
src/bxh_music_bot/commands/music.py:144: error: Argument "guild_id" to "KaraokeRetryView" has incompatible type "int | None"; expected "int"  [arg-type]
src/bxh_music_bot/commands/music.py:155: error: Argument 2 to "get_messages" has incompatible type "int | None"; expected "int"  [arg-type]
src/bxh_music_bot/commands/music.py:156: error: Argument 2 to "get_messages" has incompatible type "int | None"; expected "int"  [arg-type]
src/bxh_music_bot/commands/music.py:164: error: Argument 1 to "update_karaoke_task" has incompatible type "int | None"; expected "int"  [arg-type]
src/bxh_music_bot/commands/music.py:167: error: Argument 1 to "get_guild_state" has incompatible type "int | None"; expected "int"  [arg-type]
src/bxh_music_bot/commands/music.py:171: error: Argument 2 to "get_messages" has incompatible type "int | None"; expected "int"  [arg-type]
src/bxh_music_bot/commands/music.py:172: error: Argument 2 to "get_messages" has incompatible type "int | None"; expected "int"  [arg-type]
src/bxh_music_bot/commands/music.py:177: error: Argument 2 to "get_messages" has incompatible type "int | None"; expected "int"  [arg-type]
src/bxh_music_bot/commands/music.py:178: error: "Item[KaraokeWarningView]" has no attribute "label"  [attr-defined]
src/bxh_music_bot/commands/music.py:259: error: Argument 2 to "get_messages" has incompatible type "int | None"; expected "int"  [arg-type]
src/bxh_music_bot/commands/music.py:295: error: Item "None" of "Any | None" has no attribute "is_playing"  [union-attr]
src/bxh_music_bot/commands/music.py:296: error: Item "None" of "Any | None" has no attribute "is_paused"  [union-attr]
src/bxh_music_bot/commands/music.py:308: error: Argument "requester" to "LazySearchItem" has incompatible type "User | Member"; expected "User"  [arg-type]
src/bxh_music_bot/commands/music.py:326: error: "None" object is not iterable  [misc]
src/bxh_music_bot/commands/music.py:338: error: Item "None" of "Any | None" has no attribute "is_playing"  [union-attr]
src/bxh_music_bot/commands/music.py:339: error: Item "None" of "Any | None" has no attribute "is_paused"  [union-attr]
src/bxh_music_bot/commands/music.py:438: error: Item "None" of "Any | None" has no attribute "is_playing"  [union-attr]
src/bxh_music_bot/commands/music.py:439: error: Item "None" of "Any | None" has no attribute "is_paused"  [union-attr]
src/bxh_music_bot/commands/music.py:486: error: Incompatible default for parameter "file2" (default has type "None", parameter has type "Attachment")  [assignment]
src/bxh_music_bot/commands/music.py:486: note: PEP 484 prohibits implicit Optional. Accordingly, mypy has changed its default to no_implicit_optional=True
src/bxh_music_bot/commands/music.py:486: note: Use https://github.com/hauntsaninja/no_implicit_optional to automatically upgrade your codebase
src/bxh_music_bot/commands/music.py:487: error: Incompatible default for parameter "file3" (default has type "None", parameter has type "Attachment")  [assignment]
src/bxh_music_bot/commands/music.py:487: note: PEP 484 prohibits implicit Optional. Accordingly, mypy has changed its default to no_implicit_optional=True
src/bxh_music_bot/commands/music.py:487: note: Use https://github.com/hauntsaninja/no_implicit_optional to automatically upgrade your codebase
src/bxh_music_bot/commands/music.py:488: error: Incompatible default for parameter "file4" (default has type "None", parameter has type "Attachment")  [assignment]
src/bxh_music_bot/commands/music.py:488: note: PEP 484 prohibits implicit Optional. Accordingly, mypy has changed its default to no_implicit_optional=True
src/bxh_music_bot/commands/music.py:488: note: Use https://github.com/hauntsaninja/no_implicit_optional to automatically upgrade your codebase
src/bxh_music_bot/commands/music.py:489: error: Incompatible default for parameter "file5" (default has type "None", parameter has type "Attachment")  [assignment]
src/bxh_music_bot/commands/music.py:489: note: PEP 484 prohibits implicit Optional. Accordingly, mypy has changed its default to no_implicit_optional=True
src/bxh_music_bot/commands/music.py:489: note: Use https://github.com/hauntsaninja/no_implicit_optional to automatically upgrade your codebase
src/bxh_music_bot/commands/music.py:490: error: Incompatible default for parameter "file6" (default has type "None", parameter has type "Attachment")  [assignment]
src/bxh_music_bot/commands/music.py:490: note: PEP 484 prohibits implicit Optional. Accordingly, mypy has changed its default to no_implicit_optional=True
src/bxh_music_bot/commands/music.py:490: note: Use https://github.com/hauntsaninja/no_implicit_optional to automatically upgrade your codebase
src/bxh_music_bot/commands/music.py:491: error: Incompatible default for parameter "file7" (default has type "None", parameter has type "Attachment")  [assignment]
src/bxh_music_bot/commands/music.py:491: note: PEP 484 prohibits implicit Optional. Accordingly, mypy has changed its default to no_implicit_optional=True
src/bxh_music_bot/commands/music.py:491: note: Use https://github.com/hauntsaninja/no_implicit_optional to automatically upgrade your codebase
src/bxh_music_bot/commands/music.py:492: error: Incompatible default for parameter "file8" (default has type "None", parameter has type "Attachment")  [assignment]
src/bxh_music_bot/commands/music.py:492: note: PEP 484 prohibits implicit Optional. Accordingly, mypy has changed its default to no_implicit_optional=True
src/bxh_music_bot/commands/music.py:492: note: Use https://github.com/hauntsaninja/no_implicit_optional to automatically upgrade your codebase
src/bxh_music_bot/commands/music.py:493: error: Incompatible default for parameter "file9" (default has type "None", parameter has type "Attachment")  [assignment]
src/bxh_music_bot/commands/music.py:493: note: PEP 484 prohibits implicit Optional. Accordingly, mypy has changed its default to no_implicit_optional=True
src/bxh_music_bot/commands/music.py:493: note: Use https://github.com/hauntsaninja/no_implicit_optional to automatically upgrade your codebase
src/bxh_music_bot/commands/music.py:494: error: Incompatible default for parameter "file10" (default has type "None", parameter has type "Attachment")  [assignment]
src/bxh_music_bot/commands/music.py:494: note: PEP 484 prohibits implicit Optional. Accordingly, mypy has changed its default to no_implicit_optional=True
src/bxh_music_bot/commands/music.py:494: note: Use https://github.com/hauntsaninja/no_implicit_optional to automatically upgrade your codebase
src/bxh_music_bot/commands/music.py:501: error: Argument 2 to "get_messages" has incompatible type "int | None"; expected "int"  [arg-type]
src/bxh_music_bot/commands/music.py:508: error: Argument 1 to "get_guild_state" has incompatible type "int | None"; expected "int"  [arg-type]
src/bxh_music_bot/commands/music.py:510: error: Argument 1 to "get_guild_state" has incompatible type "int | None"; expected "int"  [arg-type]
src/bxh_music_bot/commands/music.py:542: error: Argument 1 to "save" of "Attachment" has incompatible type "str"; expected "BufferedIOBase | PathLike[Any]"  [arg-type]
src/bxh_music_bot/commands/music.py:561: error: Argument 1 to "get_guild_state" has incompatible type "int | None"; expected "int"  [arg-type]
src/bxh_music_bot/commands/music.py:576: error: Argument 2 to "get_messages" has incompatible type "int | None"; expected "int"  [arg-type]
src/bxh_music_bot/commands/music.py:587: error: Argument 2 to "get_messages" has incompatible type "int | None"; expected "int"  [arg-type]
src/bxh_music_bot/commands/music.py:595: error: Argument 2 to "get_messages" has incompatible type "int | None"; expected "int"  [arg-type]
src/bxh_music_bot/commands/music.py:599: error: Argument 2 to "get_messages" has incompatible type "int | None"; expected "int"  [arg-type]
src/bxh_music_bot/commands/music.py:606: error: Item "None" of "Any | None" has no attribute "is_playing"  [union-attr]
src/bxh_music_bot/commands/music.py:607: error: Item "None" of "Any | None" has no attribute "is_paused"  [union-attr]
src/bxh_music_bot/commands/music.py:619: error: Argument 2 to "get_messages" has incompatible type "int | None"; expected "int"  [arg-type]
src/bxh_music_bot/commands/music.py:650: error: "Queue[Any]" has no attribute "_queue"  [attr-defined]
src/bxh_music_bot/commands/music.py:669: error: Function does not return a value (it only ever returns None)  [func-returns-value]
src/bxh_music_bot/commands/music.py:679: error: Argument 2 to "get_messages" has incompatible type "int | None"; expected "int"  [arg-type]
src/bxh_music_bot/commands/music.py:686: error: Argument 1 to "get_guild_state" has incompatible type "int | None"; expected "int"  [arg-type]
src/bxh_music_bot/commands/music.py:688: error: Argument 1 to "get_guild_state" has incompatible type "int | None"; expected "int"  [arg-type]
src/bxh_music_bot/commands/music.py:700: error: Argument 2 to "get_messages" has incompatible type "int | None"; expected "int"  [arg-type]
src/bxh_music_bot/commands/music.py:714: error: Incompatible default for parameter "query" (default has type "None", parameter has type "str")  [assignment]
src/bxh_music_bot/commands/music.py:714: note: PEP 484 prohibits implicit Optional. Accordingly, mypy has changed its default to no_implicit_optional=True
src/bxh_music_bot/commands/music.py:714: note: Use https://github.com/hauntsaninja/no_implicit_optional to automatically upgrade your codebase
src/bxh_music_bot/commands/music.py:714: error: Incompatible default for parameter "file" (default has type "None", parameter has type "Attachment")  [assignment]
src/bxh_music_bot/commands/music.py:718: error: Argument 2 to "get_messages" has incompatible type "int | None"; expected "int"  [arg-type]
src/bxh_music_bot/commands/music.py:898: error: Argument 1 to "save" of "Attachment" has incompatible type "str"; expected "BufferedIOBase | PathLike[Any]"  [arg-type]
src/bxh_music_bot/commands/music.py:924: error: Need type annotation for "new_queue"  [var-annotated]
src/bxh_music_bot/commands/music.py:953: error: Item "None" of "Any | None" has no attribute "is_playing"  [union-attr]
src/bxh_music_bot/commands/music.py:954: error: Item "None" of "Any | None" has no attribute "is_paused"  [union-attr]
src/bxh_music_bot/commands/music.py:963: error: Argument 2 to "get_messages" has incompatible type "int | None"; expected "int"  [arg-type]
src/bxh_music_bot/commands/music.py:970: error: Argument 1 to "get_guild_state" has incompatible type "int | None"; expected "int"  [arg-type]
src/bxh_music_bot/commands/music.py:972: error: Argument 1 to "get_guild_state" has incompatible type "int | None"; expected "int"  [arg-type]
src/bxh_music_bot/commands/music.py:982: error: Argument 2 to "get_messages" has incompatible type "int | None"; expected "int"  [arg-type]
src/bxh_music_bot/commands/music.py:987: error: Argument 2 to "get_messages" has incompatible type "int | None"; expected "int"  [arg-type]
src/bxh_music_bot/commands/music.py:991: error: Argument 2 to "get_messages" has incompatible type "int | None"; expected "int"  [arg-type]
src/bxh_music_bot/commands/music.py:1001: error: Argument 2 to "get_messages" has incompatible type "int | None"; expected "int"  [arg-type]
src/bxh_music_bot/commands/music.py:1015: error: Argument 2 to "get_messages" has incompatible type "int | None"; expected "int"  [arg-type]
src/bxh_music_bot/commands/music.py:1056: error: Argument 2 to "get_messages" has incompatible type "int | None"; expected "int"  [arg-type]
src/bxh_music_bot/commands/music.py:1066: error: Argument 1 to "get_guild_state" has incompatible type "int | None"; expected "int"  [arg-type]
src/bxh_music_bot/commands/music.py:1068: error: Argument 1 to "get_guild_state" has incompatible type "int | None"; expected "int"  [arg-type]
src/bxh_music_bot/commands/music.py:1081: error: Argument 2 to "get_messages" has incompatible type "int | None"; expected "int"  [arg-type]
src/bxh_music_bot/commands/music.py:1089: error: Argument 2 to "get_messages" has incompatible type "int | None"; expected "int"  [arg-type]
src/bxh_music_bot/commands/music.py:1103: error: Argument 2 to "get_messages" has incompatible type "int | None"; expected "int"  [arg-type]
src/bxh_music_bot/commands/music.py:1113: error: Argument 1 to "get_guild_state" has incompatible type "int | None"; expected "int"  [arg-type]
src/bxh_music_bot/commands/music.py:1115: error: Argument 1 to "get_guild_state" has incompatible type "int | None"; expected "int"  [arg-type]
src/bxh_music_bot/commands/music.py:1126: error: Argument 2 to "get_messages" has incompatible type "int | None"; expected "int"  [arg-type]
src/bxh_music_bot/commands/music.py:1134: error: Argument 2 to "get_messages" has incompatible type "int | None"; expected "int"  [arg-type]
src/bxh_music_bot/commands/music.py:1148: error: Argument 1 to "get_guild_state" has incompatible type "int | None"; expected "int"  [arg-type]
src/bxh_music_bot/commands/music.py:1153: error: "Queue[Any]" has no attribute "_queue"  [attr-defined]
src/bxh_music_bot/commands/music.py:1193: error: Argument 2 to "get_messages" has incompatible type "int | None"; expected "int"  [arg-type]
src/bxh_music_bot/commands/music.py:1200: error: Argument 1 to "get_guild_state" has incompatible type "int | None"; expected "int"  [arg-type]
src/bxh_music_bot/commands/music.py:1202: error: Argument 1 to "get_guild_state" has incompatible type "int | None"; expected "int"  [arg-type]
src/bxh_music_bot/commands/music.py:1206: error: "VoiceProtocol" has no attribute "is_playing"  [attr-defined]
src/bxh_music_bot/commands/music.py:1206: error: "VoiceProtocol" has no attribute "is_paused"  [attr-defined]
src/bxh_music_bot/commands/music.py:1208: error: Argument 2 to "get_messages" has incompatible type "int | None"; expected "int"  [arg-type]
src/bxh_music_bot/commands/music.py:1230: error: Argument 2 to "get_messages" has incompatible type "int | None"; expected "int"  [arg-type]
src/bxh_music_bot/commands/music.py:1241: error: "Queue[Any]" has no attribute "_queue"  [attr-defined]
src/bxh_music_bot/commands/music.py:1251: error: Need type annotation for "new_queue"  [var-annotated]
src/bxh_music_bot/commands/music.py:1258: error: Argument 2 to "get_messages" has incompatible type "int | None"; expected "int"  [arg-type]
src/bxh_music_bot/commands/music.py:1264: error: Argument 2 to "get_messages" has incompatible type "int | None"; expected "int"  [arg-type]
src/bxh_music_bot/commands/music.py:1274: error: Argument 1 to "safe_stop" has incompatible type "VoiceProtocol"; expected "VoiceClient"  [arg-type]
src/bxh_music_bot/commands/music.py:1280: error: Item "None" of "Any | None" has no attribute "get"  [union-attr]
src/bxh_music_bot/commands/music.py:1281: error: Item "None" of "Any | None" has no attribute "get"  [union-attr]
src/bxh_music_bot/commands/music.py:1283: error: Argument 2 to "get_messages" has incompatible type "int | None"; expected "int"  [arg-type]
src/bxh_music_bot/commands/music.py:1286: error: Argument 2 to "get_messages" has incompatible type "int | None"; expected "int"  [arg-type]
src/bxh_music_bot/commands/music.py:1290: error: Item "None" of "Any | None" has no attribute "get"  [union-attr]
src/bxh_music_bot/commands/music.py:1291: error: Value of type "Any | None" is not indexable  [index]
src/bxh_music_bot/commands/music.py:1293: error: Argument 1 to "safe_stop" has incompatible type "VoiceProtocol"; expected "VoiceClient"  [arg-type]
src/bxh_music_bot/commands/music.py:1297: error: "Queue[Any]" has no attribute "_queue"  [attr-defined]
src/bxh_music_bot/commands/music.py:1300: error: Incompatible types in assignment (expression has type "None", variable has type "Embed")  [assignment]
src/bxh_music_bot/commands/music.py:1309: error: Argument 2 to "get_messages" has incompatible type "int | None"; expected "int"  [arg-type]
src/bxh_music_bot/commands/music.py:1314: error: Argument 2 to "get_messages" has incompatible type "int | None"; expected "int"  [arg-type]
src/bxh_music_bot/commands/music.py:1318: error: Argument 2 to "get_messages" has incompatible type "int | None"; expected "int"  [arg-type]
src/bxh_music_bot/commands/music.py:1322: error: Argument 2 to "get_messages" has incompatible type "int | None"; expected "int"  [arg-type]
src/bxh_music_bot/commands/music.py:1329: error: Argument 2 to "get_messages" has incompatible type "int | None"; expected "int"  [arg-type]
src/bxh_music_bot/commands/music.py:1332: error: Argument 2 to "get_messages" has incompatible type "int | None"; expected "int"  [arg-type]
src/bxh_music_bot/commands/music.py:1338: error: Argument 1 to "safe_stop" has incompatible type "VoiceProtocol"; expected "VoiceClient"  [arg-type]
src/bxh_music_bot/commands/music.py:1346: error: Argument 2 to "get_messages" has incompatible type "int | None"; expected "int"  [arg-type]
src/bxh_music_bot/commands/music.py:1356: error: Argument 1 to "get_guild_state" has incompatible type "int | None"; expected "int"  [arg-type]
src/bxh_music_bot/commands/music.py:1358: error: Argument 1 to "get_guild_state" has incompatible type "int | None"; expected "int"  [arg-type]
src/bxh_music_bot/commands/music.py:1363: error: Incompatible types in assignment (expression has type "str", variable has type "GuildModel")  [assignment]
src/bxh_music_bot/commands/music.py:1363: error: Argument 2 to "get_messages" has incompatible type "int | None"; expected "int"  [arg-type]
src/bxh_music_bot/commands/music.py:1365: error: Argument 2 to "get_messages" has incompatible type "int | None"; expected "int"  [arg-type]
src/bxh_music_bot/commands/music.py:1369: error: Argument 2 to "get_messages" has incompatible type "int | None"; expected "int"  [arg-type]
src/bxh_music_bot/commands/music.py:1383: error: Argument 2 to "get_messages" has incompatible type "int | None"; expected "int"  [arg-type]
src/bxh_music_bot/commands/music.py:1390: error: Argument 1 to "get_guild_state" has incompatible type "int | None"; expected "int"  [arg-type]
src/bxh_music_bot/commands/music.py:1392: error: Argument 1 to "get_guild_state" has incompatible type "int | None"; expected "int"  [arg-type]
src/bxh_music_bot/commands/music.py:1414: error: Argument 1 to "clear_audio_cache" has incompatible type "int | None"; expected "int"  [arg-type]
src/bxh_music_bot/commands/music.py:1415: error: Argument 1 to "get_guild_state" has incompatible type "int | None"; expected "int"  [arg-type]
src/bxh_music_bot/commands/music.py:1418: error: Argument 2 to "get_messages" has incompatible type "int | None"; expected "int"  [arg-type]
src/bxh_music_bot/commands/music.py:1424: error: Argument 2 to "get_messages" has incompatible type "int | None"; expected "int"  [arg-type]
src/bxh_music_bot/commands/music.py:1437: error: Argument 2 to "get_messages" has incompatible type "int | None"; expected "int"  [arg-type]
src/bxh_music_bot/commands/music.py:1444: error: Argument 1 to "get_guild_state" has incompatible type "int | None"; expected "int"  [arg-type]
src/bxh_music_bot/commands/music.py:1446: error: Argument 1 to "get_guild_state" has incompatible type "int | None"; expected "int"  [arg-type]
src/bxh_music_bot/commands/music.py:1461: error: Argument 2 to "get_messages" has incompatible type "int | None"; expected "int"  [arg-type]
src/bxh_music_bot/commands/music.py:1468: error: Argument 2 to "get_messages" has incompatible type "int | None"; expected "int"  [arg-type]
src/bxh_music_bot/commands/music.py:1483: error: Argument 2 to "get_messages" has incompatible type "int | None"; expected "int"  [arg-type]
src/bxh_music_bot/commands/music.py:1490: error: Argument 1 to "get_guild_state" has incompatible type "int | None"; expected "int"  [arg-type]
src/bxh_music_bot/commands/music.py:1492: error: Argument 1 to "get_guild_state" has incompatible type "int | None"; expected "int"  [arg-type]
src/bxh_music_bot/commands/music.py:1497: error: Incompatible types in assignment (expression has type "str", variable has type "GuildModel")  [assignment]
src/bxh_music_bot/commands/music.py:1497: error: Argument 2 to "get_messages" has incompatible type "int | None"; expected "int"  [arg-type]
src/bxh_music_bot/commands/music.py:1499: error: Argument 2 to "get_messages" has incompatible type "int | None"; expected "int"  [arg-type]
src/bxh_music_bot/commands/music.py:1503: error: Argument 2 to "get_messages" has incompatible type "int | None"; expected "int"  [arg-type]
src/bxh_music_bot/commands/music.py:1533: error: Generator has incompatible item type "int | None"; expected "bool"  [misc]
src/bxh_music_bot/commands/music.py:1535: error: "BxhMusicBot" has no attribute "start_time"  [attr-defined]
src/bxh_music_bot/commands/music.py:1550: error: Incompatible types in assignment (expression has type "str", variable has type "int")  [assignment]
src/bxh_music_bot/commands/music.py:1550: error: Argument 2 to "get_messages" has incompatible type "int | None"; expected "int"  [arg-type]
src/bxh_music_bot/commands/music.py:1575: error: Argument 2 to "get_messages" has incompatible type "int | None"; expected "int"  [arg-type]
src/bxh_music_bot/commands/music.py:1579: error: Argument 2 to "get_messages" has incompatible type "int | None"; expected "int"  [arg-type]
src/bxh_music_bot/commands/music.py:1580: error: Argument 2 to "get_messages" has incompatible type "int | None"; expected "int"  [arg-type]
src/bxh_music_bot/commands/music.py:1583: error: Item "None" of "ClientUser | None" has no attribute "display_avatar"  [union-attr]
src/bxh_music_bot/commands/music.py:1586: error: Argument 2 to "get_messages" has incompatible type "int | None"; expected "int"  [arg-type]
src/bxh_music_bot/commands/music.py:1589: error: Argument 2 to "get_messages" has incompatible type "int | None"; expected "int"  [arg-type]
src/bxh_music_bot/commands/music.py:1599: error: Argument 2 to "get_messages" has incompatible type "int | None"; expected "int"  [arg-type]
src/bxh_music_bot/commands/music.py:1602: error: Argument 2 to "get_messages" has incompatible type "int | None"; expected "int"  [arg-type]
src/bxh_music_bot/commands/music.py:1615: error: Argument 2 to "get_messages" has incompatible type "int | None"; expected "int"  [arg-type]
src/bxh_music_bot/commands/music.py:1618: error: Argument 2 to "get_messages" has incompatible type "int | None"; expected "int"  [arg-type]
src/bxh_music_bot/commands/music.py:1633: error: Argument 2 to "get_messages" has incompatible type "int | None"; expected "int"  [arg-type]
src/bxh_music_bot/commands/music.py:1636: error: Argument 2 to "get_messages" has incompatible type "int | None"; expected "int"  [arg-type]
src/bxh_music_bot/commands/music.py:1647: error: Argument 2 to "get_messages" has incompatible type "int | None"; expected "int"  [arg-type]
src/bxh_music_bot/commands/music.py:1661: error: Argument 2 to "get_messages" has incompatible type "int | None"; expected "int"  [arg-type]
src/bxh_music_bot/commands/music.py:1668: error: Argument 1 to "get_guild_state" has incompatible type "int | None"; expected "int"  [arg-type]
src/bxh_music_bot/commands/music.py:1673: error: Argument 2 to "get_messages" has incompatible type "int | None"; expected "int"  [arg-type]
src/bxh_music_bot/commands/music.py:1674: error: Argument 2 to "get_messages" has incompatible type "int | None"; expected "int"  [arg-type]
src/bxh_music_bot/commands/music.py:1686: error: Argument 2 to "get_messages" has incompatible type "int | None"; expected "int"  [arg-type]
src/bxh_music_bot/commands/music.py:1687: error: Argument 2 to "get_messages" has incompatible type "int | None"; expected "int"  [arg-type]
src/bxh_music_bot/commands/music.py:1691: error: Argument 2 to "get_messages" has incompatible type "int | None"; expected "int"  [arg-type]
src/bxh_music_bot/commands/music.py:1692: error: Argument 2 to "get_messages" has incompatible type "int | None"; expected "int"  [arg-type]
src/bxh_music_bot/commands/music.py:1700: error: Argument 2 to "get_messages" has incompatible type "int | None"; expected "int"  [arg-type]
src/bxh_music_bot/commands/music.py:1701: error: Argument 2 to "get_messages" has incompatible type "int | None"; expected "int"  [arg-type]
src/bxh_music_bot/commands/music.py:1705: error: Argument 2 to "get_messages" has incompatible type "int | None"; expected "int"  [arg-type]
src/bxh_music_bot/commands/music.py:1707: error: Argument 2 to "get_messages" has incompatible type "int | None"; expected "int"  [arg-type]
src/bxh_music_bot/commands/music.py:1712: error: Item "None" of "ClientUser | None" has no attribute "display_avatar"  [union-attr]
src/bxh_music_bot/commands/music.py:1713: error: Argument 2 to "get_messages" has incompatible type "int | None"; expected "int"  [arg-type]
src/bxh_music_bot/commands/music.py:1732: error: Argument 2 to "get_messages" has incompatible type "int | None"; expected "int"  [arg-type]
src/bxh_music_bot/commands/music.py:1739: error: Argument 1 to "get_guild_state" has incompatible type "int | None"; expected "int"  [arg-type]
src/bxh_music_bot/commands/music.py:1741: error: Argument 1 to "get_guild_state" has incompatible type "int | None"; expected "int"  [arg-type]
src/bxh_music_bot/commands/music.py:1748: error: Argument 1 to "get_guild_state" has incompatible type "int | None"; expected "int"  [arg-type]
src/bxh_music_bot/commands/music.py:1750: error: Argument 2 to "get_messages" has incompatible type "int | None"; expected "int"  [arg-type]
src/bxh_music_bot/commands/music.py:1756: error: Argument 1 to "get_guild_state" has incompatible type "int | None"; expected "int"  [arg-type]
src/bxh_music_bot/commands/music.py:1762: error: Argument 2 to "get_messages" has incompatible type "int | None"; expected "int"  [arg-type]
src/bxh_music_bot/commands/music.py:1763: error: Argument 2 to "get_messages" has incompatible type "int | None"; expected "int"  [arg-type]
src/bxh_music_bot/commands/music.py:1773: error: Argument 2 to "get_messages" has incompatible type "int | None"; expected "int"  [arg-type]
src/bxh_music_bot/commands/music.py:1794: error: "Queue[Any]" has no attribute "_queue"  [attr-defined]
src/bxh_music_bot/commands/music.py:1799: error: Argument 2 to "get_messages" has incompatible type "int | None"; expected "int"  [arg-type]
src/bxh_music_bot/commands/music.py:1805: error: Argument 1 to "get_guild_state" has incompatible type "int | None"; expected "int"  [arg-type]
src/bxh_music_bot/commands/music.py:1811: error: Argument 2 to "get_messages" has incompatible type "int | None"; expected "int"  [arg-type]
src/bxh_music_bot/commands/music.py:1812: error: Argument 2 to "get_messages" has incompatible type "int | None"; expected "int"  [arg-type]
src/bxh_music_bot/commands/music.py:1818: error: Argument 2 to "get_messages" has incompatible type "int | None"; expected "int"  [arg-type]
src/bxh_music_bot/commands/music.py:1819: error: Argument 2 to "get_messages" has incompatible type "int | None"; expected "int"  [arg-type]
src/bxh_music_bot/commands/music.py:1824: error: Item "None" of "Any | None" has no attribute "is_playing"  [union-attr]
src/bxh_music_bot/commands/music.py:1825: error: Item "None" of "Any | None" has no attribute "is_paused"  [union-attr]
src/bxh_music_bot/commands/music.py:1843: error: Argument 2 to "get_messages" has incompatible type "int | None"; expected "int"  [arg-type]
src/bxh_music_bot/commands/music.py:1850: error: Argument 1 to "get_guild_state" has incompatible type "int | None"; expected "int"  [arg-type]
src/bxh_music_bot/commands/music.py:1852: error: Argument 1 to "get_guild_state" has incompatible type "int | None"; expected "int"  [arg-type]
src/bxh_music_bot/commands/music.py:1867: error: Argument 2 to "get_messages" has incompatible type "int | None"; expected "int"  [arg-type]
src/bxh_music_bot/commands/music.py:1907: error: Need type annotation for "new_vc"  [var-annotated]
src/bxh_music_bot/commands/music.py:1929: error: Argument 2 to "get_messages" has incompatible type "int | None"; expected "int"  [arg-type]
src/bxh_music_bot/commands/music.py:1940: error: Argument 2 to "get_messages" has incompatible type "int | None"; expected "int"  [arg-type]
src/bxh_music_bot/commands/music.py:1953: error: Item "None" of "Guild | None" has no attribute "id"  [union-attr]
src/bxh_music_bot/commands/music.py:1959: error: "Queue[Any]" has no attribute "_queue"  [attr-defined]
src/bxh_music_bot/commands/music.py:1993: error: Argument 2 to "get_messages" has incompatible type "int | None"; expected "int"  [arg-type]
src/bxh_music_bot/commands/music.py:2000: error: Argument 1 to "get_guild_state" has incompatible type "int | None"; expected "int"  [arg-type]
src/bxh_music_bot/commands/music.py:2002: error: Argument 1 to "get_guild_state" has incompatible type "int | None"; expected "int"  [arg-type]
src/bxh_music_bot/commands/music.py:2007: error: Argument 2 to "get_messages" has incompatible type "int | None"; expected "int"  [arg-type]
src/bxh_music_bot/commands/music.py:2017: error: "Queue[Any]" has no attribute "_queue"  [attr-defined]
src/bxh_music_bot/commands/music.py:2022: error: Argument 2 to "get_messages" has incompatible type "int | None"; expected "int"  [arg-type]
src/bxh_music_bot/commands/music.py:2023: error: Argument 2 to "get_messages" has incompatible type "int | None"; expected "int"  [arg-type]
src/bxh_music_bot/commands/music.py:2039: error: Item "None" of "Guild | None" has no attribute "id"  [union-attr]
src/bxh_music_bot/commands/music.py:2048: error: Argument 1 to "get_guild_state" has incompatible type "int | None"; expected "int"  [arg-type]
src/bxh_music_bot/commands/music.py:2073: error: Argument 2 to "get_messages" has incompatible type "int | None"; expected "int"  [arg-type]
src/bxh_music_bot/commands/music.py:2081: error: Argument 2 to "SearchView" has incompatible type "int | None"; expected "int"  [arg-type]
src/bxh_music_bot/commands/music.py:2083: error: Argument 2 to "get_messages" has incompatible type "int | None"; expected "int"  [arg-type]
src/bxh_music_bot/commands/music.py:2084: error: Argument 2 to "get_messages" has incompatible type "int | None"; expected "int"  [arg-type]
src/bxh_music_bot/commands/music.py:2092: error: Argument 1 to "handle_playback_error" has incompatible type "int | None"; expected "int"  [arg-type]
src/bxh_music_bot/commands/music.py:2100: error: Item "None" of "Guild | None" has no attribute "id"  [union-attr]
src/bxh_music_bot/commands/music.py:2141: error: Incompatible types in assignment (expression has type "InteractionMessage", variable has type "None")  [assignment]
src/bxh_music_bot/commands/music.py:2162: error: Argument 2 to "get_messages" has incompatible type "int | None"; expected "int"  [arg-type]
src/bxh_music_bot/commands/music.py:2176: error: "VoiceProtocol" has no attribute "is_playing"  [attr-defined]
src/bxh_music_bot/commands/music.py:2176: error: "VoiceProtocol" has no attribute "source"  [attr-defined]
src/bxh_music_bot/commands/music.py:2177: error: "VoiceProtocol" has no attribute "source"  [attr-defined]
src/bxh_music_bot/commands/music.py:2196: error: Item "None" of "Guild | None" has no attribute "id"  [union-attr]
src/bxh_music_bot/commands/music.py:2199: error: Item "None" of "Guild | None" has no attribute "voice_client"  [union-attr]
src/bxh_music_bot/commands/music.py:2201: error: Item "VoiceProtocol" of "VoiceProtocol | Any" has no attribute "is_playing"  [union-attr]
src/bxh_music_bot/commands/music.py:2201: error: Item "VoiceProtocol" of "VoiceProtocol | Any" has no attribute "is_paused"  [union-attr]
src/bxh_music_bot/commands/music.py:2226: error: Need type annotation for "new_queue"  [var-annotated]
src/bxh_music_bot/commands/music.py:2230: error: "Queue[Any]" has no attribute "_queue"  [attr-defined]
src/bxh_music_bot/commands/music.py:2238: error: Argument 1 to "safe_stop" has incompatible type "VoiceProtocol | Any"; expected "VoiceClient"  [arg-type]
src/bxh_music_bot/commands/music.py:2255: error: Argument 2 to "get_messages" has incompatible type "int | None"; expected "int"  [arg-type]
src/bxh_music_bot/commands/music.py:2262: error: Argument 1 to "get_guild_state" has incompatible type "int | None"; expected "int"  [arg-type]
src/bxh_music_bot/commands/music.py:2264: error: Argument 1 to "get_guild_state" has incompatible type "int | None"; expected "int"  [arg-type]
src/bxh_music_bot/commands/music.py:2269: error: Argument 2 to "get_messages" has incompatible type "int | None"; expected "int"  [arg-type]
src/bxh_music_bot/commands/music.py:2279: error: "Queue[Any]" has no attribute "_queue"  [attr-defined]
src/bxh_music_bot/commands/music.py:2284: error: Argument 2 to "get_messages" has incompatible type "int | None"; expected "int"  [arg-type]
src/bxh_music_bot/commands/music.py:2285: error: Argument 2 to "get_messages" has incompatible type "int | None"; expected "int"  [arg-type]
src/bxh_music_bot/app.py:24: error: "BxhMusicBot" has no attribute "start_time"  [attr-defined]
src/bxh_music_bot/app.py:27: error: "BxhMusicBot" has no attribute "start_time"  [attr-defined]
src/bxh_music_bot/app.py:29: error: Argument 1 to "run" of "Client" has incompatible type "str | None"; expected "str"  [arg-type]
mypy.ini: note: unused section(s): [mypy-wavelink.*]
